// Vitest Snapshot v1, https://vitest.dev/guide/snapshot.html

exports[`CoverArt snapshot 1`] = `
<div>
  <div>
    <img
      class="rounded-md"
      src="placeholder.svg"
    />
  </div>
</div>
`;
